../Core/Src/freertos.c:133:13:configureTimerForRunTimeStats	4	static
../Core/Src/freertos.c:138:22:getRunTimeCounterValue	8	static
../Core/Src/freertos.c:149:6:MX_FREERTOS_Init	16	static
../Core/Src/freertos.c:198:6:StartDefaultTask	24	static
../Core/Src/freertos.c:217:13:draw_xy_wh_c	24	static
../Core/Src/freertos.c:223:13:draw_xy_wh_img	32	static
../Core/Src/freertos.c:242:6:FatfsTask	1904	static
../Core/Src/freertos.c:328:6:LcdTask	24	static
../Core/Src/freertos.c:346:6:InfoTask	520	static
../Core/Src/freertos.c:366:13:mqtt_request_cb_fun	16	static
../Core/Src/freertos.c:372:13:mqtt_incoming_publish_cb	24	static
../Core/Src/freertos.c:376:13:mqtt_incoming_data_cb	24	static
../Core/Src/freertos.c:380:6:MQTT_Task	80	static
../Core/Src/freertos.c:418:6:TouchTask	16	static
