../Core/Src/freertos.c:134:13:configureTimerForRunTimeStats	4	static
../Core/Src/freertos.c:139:22:getRunTimeCounterValue	8	static
../Core/Src/freertos.c:150:6:MX_FREERTOS_Init	16	static
../Core/Src/freertos.c:200:6:StartDefaultTask	24	static
../Core/Src/freertos.c:219:13:draw_xy_wh_c	24	static
../Core/Src/freertos.c:225:13:draw_xy_wh_img	32	static
../Core/Src/freertos.c:244:6:FatfsTask	1904	static
../Core/Src/freertos.c:330:6:LcdTask	24	static
../Core/Src/freertos.c:348:6:InfoTask	520	static
../Core/Src/freertos.c:368:13:mqtt_request_cb_fun	16	static
../Core/Src/freertos.c:374:13:mqtt_incoming_publish_cb	24	static
../Core/Src/freertos.c:378:13:mqtt_incoming_data_cb	24	static
../Core/Src/freertos.c:382:6:MQTT_Task	80	static
../Core/Src/freertos.c:420:6:TouchTask	16	static
