../Core/Src/stm32f4xx_it.c:76:6:NMI_Handler	4	static
../Core/Src/stm32f4xx_it.c:91:6:HardFault_Handler	4	static
../Core/Src/stm32f4xx_it.c:106:6:MemManage_Handler	4	static
../Core/Src/stm32f4xx_it.c:121:6:BusFault_Handler	4	static
../Core/Src/stm32f4xx_it.c:136:6:UsageFault_Handler	4	static
../Core/Src/stm32f4xx_it.c:151:6:DebugMon_Handler	4	static
../Core/Src/stm32f4xx_it.c:164:6:SysTick_Handler	8	static
../Core/Src/stm32f4xx_it.c:193:6:SDIO_IRQHandler	8	static
../Core/Src/stm32f4xx_it.c:206:6:TIM6_DAC_IRQHandler	8	static
../Core/Src/stm32f4xx_it.c:220:6:DMA2_Stream3_IRQHandler	8	static
../Core/Src/stm32f4xx_it.c:234:6:ETH_IRQHandler	8	static
../Core/Src/stm32f4xx_it.c:248:6:DMA2_Stream6_IRQHandler	8	static
