../Core/Src/stm32f4xx_it.c:76:6:NMI_Handler	4	static
../Core/Src/stm32f4xx_it.c:91:6:HardFault_Handler	4	static
../Core/Src/stm32f4xx_it.c:106:6:MemManage_Handler	4	static
../Core/Src/stm32f4xx_it.c:121:6:BusFault_Handler	4	static
../Core/Src/stm32f4xx_it.c:136:6:UsageFault_Handler	4	static
../Core/Src/stm32f4xx_it.c:151:6:DebugMon_Handler	4	static
../Core/Src/stm32f4xx_it.c:171:6:EXTI15_10_IRQHandler	8	static
../Core/Src/stm32f4xx_it.c:185:6:SDIO_IRQHandler	8	static
../Core/Src/stm32f4xx_it.c:198:6:TIM6_DAC_IRQHandler	8	static
../Core/Src/stm32f4xx_it.c:212:6:TIM7_IRQHandler	8	static
../Core/Src/stm32f4xx_it.c:226:6:DMA2_Stream3_IRQHandler	8	static
../Core/Src/stm32f4xx_it.c:240:6:ETH_IRQHandler	8	static
../Core/Src/stm32f4xx_it.c:254:6:DMA2_Stream6_IRQHandler	8	static
